// Jest Snapshot v1, https://goo.gl/fbAQLP

exports[`WrongLetters test renders correctly 1`] = `
<div
  className="wrongLetters"
>
  <div>
    <p>
      Wrong
    </p>
    <span>
      s
    </span>
  </div>
</div>
`;
